2025-06-27 02:31:39.415 +05:30 [INF] Request: POST /api/Payment/ProcessPayment 
Body: {
  "CardNumber": "12345817",
  "transactionAmount": 500,
  "referenceId": "1459635"
}
2025-06-27 02:31:39.528 +05:30 [INF] Request: POST /api/Payment/ProcessPayment
2025-06-27 02:31:42.999 +05:30 [INF] Response: 401 
Body: 
2025-06-27 02:32:06.130 +05:30 [INF] Request: POST /api/Payment/ProcessPayment 
Body: {
  "CardNumber": "12345817",
  "transactionAmount": 500,
  "referenceId": "1459635"
}
2025-06-27 02:32:06.131 +05:30 [INF] Request: POST /api/Payment/ProcessPayment
2025-06-27 02:32:12.578 +05:30 [WRN] No store type was specified for the decimal property 'CardBalance' on entity type 'Cards'. This will cause values to be silently truncated if they do not fit in the default precision and scale. Explicitly specify the SQL server column type that can accommodate all the values in 'OnModelCreating' using 'HasColumnType', specify precision and scale using 'HasPrecision', or configure a value converter using 'HasConversion'.
2025-06-27 02:32:12.587 +05:30 [WRN] No store type was specified for the decimal property 'TransactionAmount' on entity type 'Transactions'. This will cause values to be silently truncated if they do not fit in the default precision and scale. Explicitly specify the SQL server column type that can accommodate all the values in 'OnModelCreating' using 'HasColumnType', specify precision and scale using 'HasPrecision', or configure a value converter using 'HasConversion'.
2025-06-27 02:32:17.702 +05:30 [WRN] Invalid or insufficient funds for card 
2025-06-27 02:32:36.640 +05:30 [INF] Response: 200 
Body: {"referenceId":"1459635","refundCode":"","message":"Card Is Not valid or Insufficient Fund"}
2025-06-27 02:32:49.775 +05:30 [INF] Request: POST /api/Payment/ProcessPayment 
Body: {
  "CardNumber": "12345817",
  "transactionAmount": 5,
  "referenceId": "1459635"
}
2025-06-27 02:32:49.775 +05:30 [INF] Request: POST /api/Payment/ProcessPayment
2025-06-27 02:32:54.910 +05:30 [WRN] Invalid or insufficient funds for card 
2025-06-27 02:33:09.678 +05:30 [INF] Response: 200 
Body: {"referenceId":"1459635","refundCode":"","message":"Card Is Not valid or Insufficient Fund"}
2025-06-27 02:35:10.629 +05:30 [INF] Request: POST /api/Payment/ProcessPayment 
Body: {
  "CardNumber": "12345817",
  "transactionAmount": 5,
  "referenceId": "1459635"
}
2025-06-27 02:35:10.635 +05:30 [INF] Request: POST /api/Payment/ProcessPayment
2025-06-27 02:35:14.057 +05:30 [WRN] Invalid or insufficient funds for card 
2025-06-27 02:37:13.311 +05:30 [INF] Response: 200 
Body: {"referenceId":"1459635","refundCode":"","message":"Card Is Not valid or Insufficient Fund"}
2025-06-27 02:37:22.380 +05:30 [INF] Request: POST /api/Payment/ProcessPayment 
Body: {
  "CardNumber": "12345817",
  "transactionAmount": 5,
  "referenceId": "1459635"
}
2025-06-27 02:37:22.380 +05:30 [INF] Request: POST /api/Payment/ProcessPayment
2025-06-27 02:37:27.329 +05:30 [WRN] Invalid or insufficient funds for card 
2025-06-27 02:38:03.590 +05:30 [INF] Response: 200 
Body: {"referenceId":"1459635","refundCode":"","message":"Card Is Not valid or Insufficient Fund"}
2025-06-27 02:41:00.820 +05:30 [INF] Request: POST /api/Payment/ProcessPayment 
Body: {
  "CardNumber": "12345817",
  "transactionAmount": 5,
  "referenceId": "1459635"
}
2025-06-27 02:41:00.863 +05:30 [INF] Request: POST /api/Payment/ProcessPayment
2025-06-27 02:41:06.017 +05:30 [WRN] No store type was specified for the decimal property 'CardBalance' on entity type 'Cards'. This will cause values to be silently truncated if they do not fit in the default precision and scale. Explicitly specify the SQL server column type that can accommodate all the values in 'OnModelCreating' using 'HasColumnType', specify precision and scale using 'HasPrecision', or configure a value converter using 'HasConversion'.
2025-06-27 02:41:06.019 +05:30 [WRN] No store type was specified for the decimal property 'TransactionAmount' on entity type 'Transactions'. This will cause values to be silently truncated if they do not fit in the default precision and scale. Explicitly specify the SQL server column type that can accommodate all the values in 'OnModelCreating' using 'HasColumnType', specify precision and scale using 'HasPrecision', or configure a value converter using 'HasConversion'.
2025-06-27 02:41:07.860 +05:30 [INF] Payment held successfully. RefId: 1459635, RefundCode: 1059
2025-06-27 02:41:39.897 +05:30 [INF] Response: 200 
Body: {"message":"Payment processed and event published."}
2025-06-27 02:43:42.482 +05:30 [INF] Request: POST /api/Payment/ProcessPayment 
Body: {
  "CardNumber": "12345817",
  "transactionAmount": 5,
  "referenceId": "1459635"
}
2025-06-27 02:43:42.483 +05:30 [INF] Request: POST /api/Payment/ProcessPayment
2025-06-27 02:43:48.981 +05:30 [WRN] ReferenceId Already Exist: 1459635
2025-06-27 02:43:50.097 +05:30 [INF] Response: 200 
Body: {"referenceId":"1459635","refundCode":"1059","message":"ReferenceId Already Exist"}
2025-06-27 02:44:02.319 +05:30 [INF] Request: POST /api/Payment/ProcessPayment 
Body: {
  "CardNumber": "12345817",
  "transactionAmount": 5,
  "referenceId": "1459635"
}
2025-06-27 02:44:02.319 +05:30 [INF] Request: POST /api/Payment/ProcessPayment
2025-06-27 02:44:06.811 +05:30 [WRN] ReferenceId Already Exist: 1459635
2025-06-27 02:44:08.079 +05:30 [INF] Response: 200 
Body: {"referenceId":"1459635","refundCode":"1059","message":"ReferenceId Already Exist"}
2025-06-27 02:46:01.259 +05:30 [INF] Request: POST /api/Payment/ProcessPayment 
Body: {
  "CardNumber": "12345817",
  "transactionAmount": 5,
  "referenceId": "1459635"
}
2025-06-27 02:46:01.312 +05:30 [INF] Request: POST /api/Payment/ProcessPayment
2025-06-27 02:46:08.834 +05:30 [WRN] No store type was specified for the decimal property 'CardBalance' on entity type 'Cards'. This will cause values to be silently truncated if they do not fit in the default precision and scale. Explicitly specify the SQL server column type that can accommodate all the values in 'OnModelCreating' using 'HasColumnType', specify precision and scale using 'HasPrecision', or configure a value converter using 'HasConversion'.
2025-06-27 02:46:08.837 +05:30 [WRN] No store type was specified for the decimal property 'TransactionAmount' on entity type 'Transactions'. This will cause values to be silently truncated if they do not fit in the default precision and scale. Explicitly specify the SQL server column type that can accommodate all the values in 'OnModelCreating' using 'HasColumnType', specify precision and scale using 'HasPrecision', or configure a value converter using 'HasConversion'.
2025-06-27 02:46:13.631 +05:30 [WRN] ReferenceId Already Exist: 1459635
2025-06-27 02:46:13.690 +05:30 [INF] Response: 200 
Body: {"referenceId":"1459635","refundCode":"1059","message":"ReferenceId Already Exist"}
2025-06-27 02:47:19.895 +05:30 [INF] Request: POST /api/Payment/ProcessPayment 
Body: {
  "CardNumber": "12345817",
  "transactionAmount": 5,
  "referenceId": "1459636"
}
2025-06-27 02:47:19.986 +05:30 [INF] Request: POST /api/Payment/ProcessPayment
2025-06-27 02:47:22.851 +05:30 [WRN] No store type was specified for the decimal property 'CardBalance' on entity type 'Cards'. This will cause values to be silently truncated if they do not fit in the default precision and scale. Explicitly specify the SQL server column type that can accommodate all the values in 'OnModelCreating' using 'HasColumnType', specify precision and scale using 'HasPrecision', or configure a value converter using 'HasConversion'.
2025-06-27 02:47:22.855 +05:30 [WRN] No store type was specified for the decimal property 'TransactionAmount' on entity type 'Transactions'. This will cause values to be silently truncated if they do not fit in the default precision and scale. Explicitly specify the SQL server column type that can accommodate all the values in 'OnModelCreating' using 'HasColumnType', specify precision and scale using 'HasPrecision', or configure a value converter using 'HasConversion'.
2025-06-27 02:47:26.168 +05:30 [INF] Payment held successfully. RefId: 1459636, RefundCode: 5143
2025-06-27 02:48:30.944 +05:30 [INF] Response: 200 
Body: {"message":"Payment processed and event published."}
2025-06-27 02:48:54.369 +05:30 [INF] Request: POST /api/Payment/ProcessPayment 
Body: {
  "CardNumber": "12345817",
  "transactionAmount": 19,
  "referenceId": "1459637"
}
2025-06-27 02:48:54.369 +05:30 [INF] Request: POST /api/Payment/ProcessPayment
2025-06-27 02:48:54.493 +05:30 [INF] Payment held successfully. RefId: 1459637, RefundCode: 1251
2025-06-27 02:48:59.519 +05:30 [INF] Response: 200 
Body: {"message":"Payment processed and event published."}
